// Jest Snapshot v1, https://goo.gl/fbAQLP

exports[`card component 1`] = `
<div
  className="tc bg-light-green dib br3 pa3 ma2 grow bw2 shadow-5"
>
  <img
    alt="Robot_image"
    src="https://robohash.org/undefined?200*200"
  />
  <h2 />
  <p />
</div>
`;
